// Jest Snapshot v1, https://goo.gl/fbAQLP

exports[`App Component creates a snapshot 1`] = `null`;
